// Jest Snapshot v1, https://goo.gl/fbAQLP

exports[`JavaScript page creator create-path should create unix paths 1`] = `
Array [
  "/b/c/de/",
  "/bee/",
  "/b/d/c/",
]
`;
